<?xml version="1.0" encoding="UTF-8"?>
<project default="foo">
  <target name="foo">
    <echo>foo</echo>
  </target>
</project>
