<faceted-project>
  <runtime name="WebSphere Application Server v5.1 Express stub"/>
  <installed facet="com.ibm.websphere.extended.ear" version="5.1"/>
  <installed facet="com.ibm.websphere.coexistence.ear" version="5.1"/>
  <fixed facet="jst.ear"/>
  <installed facet="jst.ear" version="1.4"/>
</faceted-project>
