<faceted-project>
  <fixed facet="jst.ear"/>
  <installed facet="jst.ear" version="5.0"/>
</faceted-project>