<faceted-project>
  <fixed facet="jst.java"/>
  <fixed facet="jst.web"/>
  <installed facet="jst.web" version="2.4"/>
  <installed facet="jst.java" version="1.4"/>
  <installed facet="jst.jsf" version="1.1"/>
</faceted-project>