<faceted-project>
  <fixed facet="jst.java"/>
  <fixed facet="jst.ejb"/>
  <installed facet="jst.ejb" version="3.0"/>
  <installed facet="jst.java" version="1.4"/>
</faceted-project>